Nothing to build in platform 'axi_gpio_platform_task'

09:32:25 **** Incremental Build of configuration Debug for project axi_gpio_app_task ****
make all 
make --no-print-directory pre-build
a9-linaro-pre-build-step
' '
make --no-print-directory main-build
'Building file: ../src/helloworld.c'
'Invoking: ARM v7 gcc compiler'
arm-none-eabi-gcc -Wall -O0 -g3 -c -fmessage-length=0 -MT"src/helloworld.o" -mcpu=cortex-a9 -mfpu=vfpv3 -mfloat-abi=hard -IC:/Users/jayde/axi_gpio_js/axi_gpio_vitis/axi_gpio_platform_task/export/axi_gpio_platform_task/sw/axi_gpio_platform_task/standalone_domain/bspinclude/include -MMD -MP -MF"src/helloworld.d" -MT"src/helloworld.o" -o "src/helloworld.o" "../src/helloworld.c"
'Finished building: ../src/helloworld.c'
' '
'Building target: axi_gpio_app_task.elf'
'Invoking: ARM v7 gcc linker'
arm-none-eabi-gcc -mcpu=cortex-a9 -mfpu=vfpv3 -mfloat-abi=hard -Wl,-build-id=none -specs=Xilinx.spec -Wl,-T -Wl,../src/lscript.ld -LC:/Users/jayde/axi_gpio_js/axi_gpio_vitis/axi_gpio_platform_task/export/axi_gpio_platform_task/sw/axi_gpio_platform_task/standalone_domain/bsplib/lib -o "axi_gpio_app_task.elf"  ./src/helloworld.o ./src/platform.o   -Wl,--start-group,-lxil,-lgcc,-lc,--end-group
'Finished building target: axi_gpio_app_task.elf'
' '
'Invoking: ARM v7 Print Size'
arm-none-eabi-size axi_gpio_app_task.elf  |tee "axi_gpio_app_task.elf.size"
   text	   data	    bss	    dec	    hex	filename
  24217	   1192	  22584	  47993	   bb79	axi_gpio_app_task.elf
'Finished building: axi_gpio_app_task.elf.size'
' '
