13:07:39 DEBUG : Logs will be stored at 'C:/Users/jayde/axi_gpio_js/axi_gpio_vitis/IDE.log'.
13:07:46 INFO  : Launching XSCT server: xsct.bat -n  -interactive C:\Users\jayde\axi_gpio_js\axi_gpio_vitis\temp_xsdb_launch_script.tcl
13:07:46 INFO  : Registering command handlers for Vitis TCF services
13:07:50 INFO  : Platform repository initialization has completed.
13:07:52 INFO  : XSCT server has started successfully.
13:07:57 INFO  : Successfully done setting XSCT server connection channel  
13:07:57 INFO  : plnx-install-location is set to ''
13:07:57 INFO  : Successfully done query RDI_DATADIR 
13:07:57 INFO  : Successfully done setting workspace for the tool. 
13:10:37 INFO  : Result from executing command 'getProjects': axi_gpio_platform
13:10:37 INFO  : Result from executing command 'getPlatforms': xilinx_vck190_base_202310_1|C:/Xilinx/Vitis/2023.1/base_platforms/xilinx_vck190_base_202310_1/xilinx_vck190_base_202310_1.xpfm;xilinx_vck190_base_dfx_202310_1|C:/Xilinx/Vitis/2023.1/base_platforms/xilinx_vck190_base_dfx_202310_1/xilinx_vck190_base_dfx_202310_1.xpfm;xilinx_vek280_es1_base_202310_1|C:/Xilinx/Vitis/2023.1/base_platforms/xilinx_vek280_es1_base_202310_1/xilinx_vek280_es1_base_202310_1.xpfm;xilinx_vmk180_base_202310_1|C:/Xilinx/Vitis/2023.1/base_platforms/xilinx_vmk180_base_202310_1/xilinx_vmk180_base_202310_1.xpfm;xilinx_zcu102_base_202310_1|C:/Xilinx/Vitis/2023.1/base_platforms/xilinx_zcu102_base_202310_1/xilinx_zcu102_base_202310_1.xpfm;xilinx_zcu102_base_dfx_202310_1|C:/Xilinx/Vitis/2023.1/base_platforms/xilinx_zcu102_base_dfx_202310_1/xilinx_zcu102_base_dfx_202310_1.xpfm;xilinx_zcu104_base_202310_1|C:/Xilinx/Vitis/2023.1/base_platforms/xilinx_zcu104_base_202310_1/xilinx_zcu104_base_202310_1.xpfm
13:42:37 INFO  : Result from executing command 'getProjects': axi_gpio_platform
13:42:37 INFO  : Result from executing command 'getPlatforms': axi_gpio_platform|C:/Users/jayde/axi_gpio_js/axi_gpio_vitis/axi_gpio_platform/export/axi_gpio_platform/axi_gpio_platform.xpfm;xilinx_vck190_base_202310_1|C:/Xilinx/Vitis/2023.1/base_platforms/xilinx_vck190_base_202310_1/xilinx_vck190_base_202310_1.xpfm;xilinx_vck190_base_dfx_202310_1|C:/Xilinx/Vitis/2023.1/base_platforms/xilinx_vck190_base_dfx_202310_1/xilinx_vck190_base_dfx_202310_1.xpfm;xilinx_vek280_es1_base_202310_1|C:/Xilinx/Vitis/2023.1/base_platforms/xilinx_vek280_es1_base_202310_1/xilinx_vek280_es1_base_202310_1.xpfm;xilinx_vmk180_base_202310_1|C:/Xilinx/Vitis/2023.1/base_platforms/xilinx_vmk180_base_202310_1/xilinx_vmk180_base_202310_1.xpfm;xilinx_zcu102_base_202310_1|C:/Xilinx/Vitis/2023.1/base_platforms/xilinx_zcu102_base_202310_1/xilinx_zcu102_base_202310_1.xpfm;xilinx_zcu102_base_dfx_202310_1|C:/Xilinx/Vitis/2023.1/base_platforms/xilinx_zcu102_base_dfx_202310_1/xilinx_zcu102_base_dfx_202310_1.xpfm;xilinx_zcu104_base_202310_1|C:/Xilinx/Vitis/2023.1/base_platforms/xilinx_zcu104_base_202310_1/xilinx_zcu104_base_202310_1.xpfm
14:00:35 INFO  : Checking for BSP changes to sync application flags for project 'axi_gpio_app'...
14:00:52 INFO  : Checking for BSP changes to sync application flags for project 'axi_gpio_app'...
14:02:18 INFO  : Connected to target on host '127.0.0.1' and port '3121'.
14:02:19 INFO  : Jtag cable 'Digilent Zybo Z7 210351B3FED9A' is selected.
14:02:20 INFO  : 'jtag frequency' command is executed.
14:02:20 INFO  : Context for 'APU' is selected.
14:02:20 INFO  : System reset is completed.
14:02:23 INFO  : 'after 3000' command is executed.
14:02:23 INFO  : 'targets -set -filter {jtag_cable_name =~ "Digilent Zybo Z7 210351B3FED9A" && level==0 && jtag_device_ctx=="jsn-Zybo Z7-210351B3FED9A-13722093-0"}' command is executed.
14:02:24 INFO  : Device configured successfully with "C:/Users/jayde/axi_gpio_js/axi_gpio_vitis/axi_gpio_app/_ide/bitstream/axi_gpio_js_wrapper.bit"
14:02:25 INFO  : Context for 'APU' is selected.
14:02:25 INFO  : Hardware design and registers information is loaded from 'C:/Users/jayde/axi_gpio_js/axi_gpio_vitis/axi_gpio_platform/export/axi_gpio_platform/hw/axi_gpio_js_wrapper.xsa'.
14:02:25 INFO  : 'configparams force-mem-access 1' command is executed.
14:02:25 INFO  : Context for 'APU' is selected.
14:02:25 INFO  : Sourcing of 'C:/Users/jayde/axi_gpio_js/axi_gpio_vitis/axi_gpio_app/_ide/psinit/ps7_init.tcl' is done.
14:02:25 INFO  : 'ps7_init' command is executed.
14:02:25 INFO  : 'ps7_post_config' command is executed.
14:02:25 INFO  : Context for processor 'ps7_cortexa9_0' is selected.
14:02:26 INFO  : The application 'C:/Users/jayde/axi_gpio_js/axi_gpio_vitis/axi_gpio_app/Debug/axi_gpio_app.elf' is downloaded to processor 'ps7_cortexa9_0'.
14:02:26 INFO  : 'configparams force-mem-access 0' command is executed.
14:02:26 INFO  : ----------------XSDB Script----------------
connect -url tcp:127.0.0.1:3121
targets -set -nocase -filter {name =~"APU*"}
rst -system
after 3000
targets -set -filter {jtag_cable_name =~ "Digilent Zybo Z7 210351B3FED9A" && level==0 && jtag_device_ctx=="jsn-Zybo Z7-210351B3FED9A-13722093-0"}
fpga -file C:/Users/jayde/axi_gpio_js/axi_gpio_vitis/axi_gpio_app/_ide/bitstream/axi_gpio_js_wrapper.bit
targets -set -nocase -filter {name =~"APU*"}
loadhw -hw C:/Users/jayde/axi_gpio_js/axi_gpio_vitis/axi_gpio_platform/export/axi_gpio_platform/hw/axi_gpio_js_wrapper.xsa -mem-ranges [list {0x40000000 0xbfffffff}] -regs
configparams force-mem-access 1
targets -set -nocase -filter {name =~"APU*"}
source C:/Users/jayde/axi_gpio_js/axi_gpio_vitis/axi_gpio_app/_ide/psinit/ps7_init.tcl
ps7_init
ps7_post_config
targets -set -nocase -filter {name =~ "*A9*#0"}
dow C:/Users/jayde/axi_gpio_js/axi_gpio_vitis/axi_gpio_app/Debug/axi_gpio_app.elf
configparams force-mem-access 0
----------------End of Script----------------

14:02:26 INFO  : Context for processor 'ps7_cortexa9_0' is selected.
14:02:26 INFO  : 'con' command is executed.
14:02:26 INFO  : ----------------XSDB Script (After Launch)----------------
targets -set -nocase -filter {name =~ "*A9*#0"}
con
----------------End of Script----------------

14:02:26 INFO  : Launch script is exported to file 'C:\Users\jayde\axi_gpio_js\axi_gpio_vitis\axi_gpio_app_system\_ide\scripts\debugger_axi_gpio_app-default.tcl'
14:52:31 INFO  : Disconnected from the channel tcfchan#2.
16:49:13 DEBUG : Logs will be stored at 'C:/Users/jayde/axi_gpio_js/axi_gpio_vitis/IDE.log'.
16:49:14 INFO  : Launching XSCT server: xsct.bat -n  -interactive C:\Users\jayde\axi_gpio_js\axi_gpio_vitis\temp_xsdb_launch_script.tcl
16:49:17 INFO  : Registering command handlers for Vitis TCF services
16:49:17 INFO  : XSCT server has started successfully.
16:49:17 INFO  : plnx-install-location is set to ''
16:49:17 INFO  : Successfully done setting XSCT server connection channel  
16:49:18 INFO  : Platform repository initialization has completed.
16:49:20 INFO  : Successfully done setting workspace for the tool. 
16:49:20 INFO  : Successfully done query RDI_DATADIR 
16:52:48 INFO  : Result from executing command 'getProjects': axi_gpio_platform;axi_gpio_platform_task
16:52:48 INFO  : Result from executing command 'getPlatforms': axi_gpio_platform|C:/Users/jayde/axi_gpio_js/axi_gpio_vitis/axi_gpio_platform/export/axi_gpio_platform/axi_gpio_platform.xpfm;xilinx_vck190_base_202310_1|C:/Xilinx/Vitis/2023.1/base_platforms/xilinx_vck190_base_202310_1/xilinx_vck190_base_202310_1.xpfm;xilinx_vck190_base_dfx_202310_1|C:/Xilinx/Vitis/2023.1/base_platforms/xilinx_vck190_base_dfx_202310_1/xilinx_vck190_base_dfx_202310_1.xpfm;xilinx_vek280_es1_base_202310_1|C:/Xilinx/Vitis/2023.1/base_platforms/xilinx_vek280_es1_base_202310_1/xilinx_vek280_es1_base_202310_1.xpfm;xilinx_vmk180_base_202310_1|C:/Xilinx/Vitis/2023.1/base_platforms/xilinx_vmk180_base_202310_1/xilinx_vmk180_base_202310_1.xpfm;xilinx_zcu102_base_202310_1|C:/Xilinx/Vitis/2023.1/base_platforms/xilinx_zcu102_base_202310_1/xilinx_zcu102_base_202310_1.xpfm;xilinx_zcu102_base_dfx_202310_1|C:/Xilinx/Vitis/2023.1/base_platforms/xilinx_zcu102_base_dfx_202310_1/xilinx_zcu102_base_dfx_202310_1.xpfm;xilinx_zcu104_base_202310_1|C:/Xilinx/Vitis/2023.1/base_platforms/xilinx_zcu104_base_202310_1/xilinx_zcu104_base_202310_1.xpfm
16:53:57 INFO  : Result from executing command 'getProjects': axi_gpio_platform;axi_gpio_platform_task
16:53:57 INFO  : Result from executing command 'getPlatforms': axi_gpio_platform_task|C:/Users/jayde/axi_gpio_js/axi_gpio_vitis/axi_gpio_platform_task/export/axi_gpio_platform_task/axi_gpio_platform_task.xpfm;axi_gpio_platform|C:/Users/jayde/axi_gpio_js/axi_gpio_vitis/axi_gpio_platform/export/axi_gpio_platform/axi_gpio_platform.xpfm;xilinx_vck190_base_202310_1|C:/Xilinx/Vitis/2023.1/base_platforms/xilinx_vck190_base_202310_1/xilinx_vck190_base_202310_1.xpfm;xilinx_vck190_base_dfx_202310_1|C:/Xilinx/Vitis/2023.1/base_platforms/xilinx_vck190_base_dfx_202310_1/xilinx_vck190_base_dfx_202310_1.xpfm;xilinx_vek280_es1_base_202310_1|C:/Xilinx/Vitis/2023.1/base_platforms/xilinx_vek280_es1_base_202310_1/xilinx_vek280_es1_base_202310_1.xpfm;xilinx_vmk180_base_202310_1|C:/Xilinx/Vitis/2023.1/base_platforms/xilinx_vmk180_base_202310_1/xilinx_vmk180_base_202310_1.xpfm;xilinx_zcu102_base_202310_1|C:/Xilinx/Vitis/2023.1/base_platforms/xilinx_zcu102_base_202310_1/xilinx_zcu102_base_202310_1.xpfm;xilinx_zcu102_base_dfx_202310_1|C:/Xilinx/Vitis/2023.1/base_platforms/xilinx_zcu102_base_dfx_202310_1/xilinx_zcu102_base_dfx_202310_1.xpfm;xilinx_zcu104_base_202310_1|C:/Xilinx/Vitis/2023.1/base_platforms/xilinx_zcu104_base_202310_1/xilinx_zcu104_base_202310_1.xpfm
08:41:36 INFO  : Checking for BSP changes to sync application flags for project 'axi_gpio_app_task'...
08:45:07 INFO  : Checking for BSP changes to sync application flags for project 'axi_gpio_app_task'...
08:48:42 INFO  : Checking for BSP changes to sync application flags for project 'axi_gpio_app_task'...
08:50:57 INFO  : Checking for BSP changes to sync application flags for project 'axi_gpio_app_task'...
09:01:36 INFO  : Checking for BSP changes to sync application flags for project 'axi_gpio_app_task'...
09:03:59 INFO  : Checking for BSP changes to sync application flags for project 'axi_gpio_app_task'...
09:04:41 INFO  : Checking for BSP changes to sync application flags for project 'axi_gpio_app_task'...
09:05:06 INFO  : Checking for BSP changes to sync application flags for project 'axi_gpio_app_task'...
09:06:49 INFO  : Connected to target on host '127.0.0.1' and port '3121'.
09:06:51 INFO  : Jtag cable 'Digilent Zybo Z7 210351B3FED9A' is selected.
09:06:51 INFO  : 'jtag frequency' command is executed.
09:06:51 INFO  : Context for 'APU' is selected.
09:06:51 INFO  : System reset is completed.
09:06:54 INFO  : 'after 3000' command is executed.
09:06:55 INFO  : 'targets -set -filter {jtag_cable_name =~ "Digilent Zybo Z7 210351B3FED9A" && level==0 && jtag_device_ctx=="jsn-Zybo Z7-210351B3FED9A-13722093-0"}' command is executed.
09:06:56 INFO  : Device configured successfully with "C:/Users/jayde/axi_gpio_js/axi_gpio_vitis/axi_gpio_app_task/_ide/bitstream/axi_gpio_js_wrapper_tasking.bit"
09:06:56 INFO  : Context for 'APU' is selected.
09:06:56 INFO  : Hardware design and registers information is loaded from 'C:/Users/jayde/axi_gpio_js/axi_gpio_vitis/axi_gpio_platform_task/export/axi_gpio_platform_task/hw/axi_gpio_js_wrapper_tasking.xsa'.
09:06:56 INFO  : 'configparams force-mem-access 1' command is executed.
09:06:56 INFO  : Context for 'APU' is selected.
09:06:56 INFO  : Sourcing of 'C:/Users/jayde/axi_gpio_js/axi_gpio_vitis/axi_gpio_app_task/_ide/psinit/ps7_init.tcl' is done.
09:06:57 INFO  : 'ps7_init' command is executed.
09:06:57 INFO  : 'ps7_post_config' command is executed.
09:06:57 INFO  : Context for processor 'ps7_cortexa9_0' is selected.
09:06:57 INFO  : The application 'C:/Users/jayde/axi_gpio_js/axi_gpio_vitis/axi_gpio_app_task/Debug/axi_gpio_app_task.elf' is downloaded to processor 'ps7_cortexa9_0'.
09:06:57 INFO  : 'configparams force-mem-access 0' command is executed.
09:06:57 INFO  : ----------------XSDB Script----------------
connect -url tcp:127.0.0.1:3121
targets -set -nocase -filter {name =~"APU*"}
rst -system
after 3000
targets -set -filter {jtag_cable_name =~ "Digilent Zybo Z7 210351B3FED9A" && level==0 && jtag_device_ctx=="jsn-Zybo Z7-210351B3FED9A-13722093-0"}
fpga -file C:/Users/jayde/axi_gpio_js/axi_gpio_vitis/axi_gpio_app_task/_ide/bitstream/axi_gpio_js_wrapper_tasking.bit
targets -set -nocase -filter {name =~"APU*"}
loadhw -hw C:/Users/jayde/axi_gpio_js/axi_gpio_vitis/axi_gpio_platform_task/export/axi_gpio_platform_task/hw/axi_gpio_js_wrapper_tasking.xsa -mem-ranges [list {0x40000000 0xbfffffff}] -regs
configparams force-mem-access 1
targets -set -nocase -filter {name =~"APU*"}
source C:/Users/jayde/axi_gpio_js/axi_gpio_vitis/axi_gpio_app_task/_ide/psinit/ps7_init.tcl
ps7_init
ps7_post_config
targets -set -nocase -filter {name =~ "*A9*#0"}
dow C:/Users/jayde/axi_gpio_js/axi_gpio_vitis/axi_gpio_app_task/Debug/axi_gpio_app_task.elf
configparams force-mem-access 0
----------------End of Script----------------

09:06:57 INFO  : Context for processor 'ps7_cortexa9_0' is selected.
09:06:57 INFO  : 'con' command is executed.
09:06:57 INFO  : ----------------XSDB Script (After Launch)----------------
targets -set -nocase -filter {name =~ "*A9*#0"}
con
----------------End of Script----------------

09:06:57 INFO  : Launch script is exported to file 'C:\Users\jayde\axi_gpio_js\axi_gpio_vitis\axi_gpio_app_task_system\_ide\scripts\debugger_axi_gpio_app_task-default.tcl'
09:08:40 INFO  : Disconnected from the channel tcfchan#2.
09:08:41 INFO  : Connected to target on host '127.0.0.1' and port '3121'.
09:08:43 INFO  : Jtag cable 'Digilent Zybo Z7 210351B3FED9A' is selected.
09:08:43 INFO  : 'jtag frequency' command is executed.
09:08:43 INFO  : Context for 'APU' is selected.
09:08:43 INFO  : System reset is completed.
09:08:46 INFO  : 'after 3000' command is executed.
09:08:46 INFO  : 'targets -set -filter {jtag_cable_name =~ "Digilent Zybo Z7 210351B3FED9A" && level==0 && jtag_device_ctx=="jsn-Zybo Z7-210351B3FED9A-13722093-0"}' command is executed.
09:08:47 INFO  : Device configured successfully with "C:/Users/jayde/axi_gpio_js/axi_gpio_vitis/axi_gpio_app_task/_ide/bitstream/axi_gpio_js_wrapper_tasking.bit"
09:08:47 INFO  : Context for 'APU' is selected.
09:08:47 INFO  : Hardware design and registers information is loaded from 'C:/Users/jayde/axi_gpio_js/axi_gpio_vitis/axi_gpio_platform_task/export/axi_gpio_platform_task/hw/axi_gpio_js_wrapper_tasking.xsa'.
09:08:47 INFO  : 'configparams force-mem-access 1' command is executed.
09:08:47 INFO  : Context for 'APU' is selected.
09:08:47 INFO  : Sourcing of 'C:/Users/jayde/axi_gpio_js/axi_gpio_vitis/axi_gpio_app_task/_ide/psinit/ps7_init.tcl' is done.
09:08:48 INFO  : 'ps7_init' command is executed.
09:08:48 INFO  : 'ps7_post_config' command is executed.
09:08:48 INFO  : Context for processor 'ps7_cortexa9_0' is selected.
09:08:48 INFO  : The application 'C:/Users/jayde/axi_gpio_js/axi_gpio_vitis/axi_gpio_app_task/Debug/axi_gpio_app_task.elf' is downloaded to processor 'ps7_cortexa9_0'.
09:08:48 INFO  : 'configparams force-mem-access 0' command is executed.
09:08:48 INFO  : ----------------XSDB Script----------------
connect -url tcp:127.0.0.1:3121
targets -set -nocase -filter {name =~"APU*"}
rst -system
after 3000
targets -set -filter {jtag_cable_name =~ "Digilent Zybo Z7 210351B3FED9A" && level==0 && jtag_device_ctx=="jsn-Zybo Z7-210351B3FED9A-13722093-0"}
fpga -file C:/Users/jayde/axi_gpio_js/axi_gpio_vitis/axi_gpio_app_task/_ide/bitstream/axi_gpio_js_wrapper_tasking.bit
targets -set -nocase -filter {name =~"APU*"}
loadhw -hw C:/Users/jayde/axi_gpio_js/axi_gpio_vitis/axi_gpio_platform_task/export/axi_gpio_platform_task/hw/axi_gpio_js_wrapper_tasking.xsa -mem-ranges [list {0x40000000 0xbfffffff}] -regs
configparams force-mem-access 1
targets -set -nocase -filter {name =~"APU*"}
source C:/Users/jayde/axi_gpio_js/axi_gpio_vitis/axi_gpio_app_task/_ide/psinit/ps7_init.tcl
ps7_init
ps7_post_config
targets -set -nocase -filter {name =~ "*A9*#0"}
dow C:/Users/jayde/axi_gpio_js/axi_gpio_vitis/axi_gpio_app_task/Debug/axi_gpio_app_task.elf
configparams force-mem-access 0
----------------End of Script----------------

09:08:48 INFO  : Context for processor 'ps7_cortexa9_0' is selected.
09:08:48 INFO  : 'con' command is executed.
09:08:48 INFO  : ----------------XSDB Script (After Launch)----------------
targets -set -nocase -filter {name =~ "*A9*#0"}
con
----------------End of Script----------------

09:08:48 INFO  : Launch script is exported to file 'C:\Users\jayde\axi_gpio_js\axi_gpio_vitis\axi_gpio_app_task_system\_ide\scripts\debugger_axi_gpio_app_task-default.tcl'
09:09:14 INFO  : Checking for BSP changes to sync application flags for project 'axi_gpio_app_task'...
09:10:31 INFO  : Disconnected from the channel tcfchan#3.
09:10:32 INFO  : Connected to target on host '127.0.0.1' and port '3121'.
09:10:32 INFO  : Jtag cable 'Digilent Zybo Z7 210351B3FED9A' is selected.
09:10:32 INFO  : 'jtag frequency' command is executed.
09:10:32 INFO  : Context for 'APU' is selected.
09:10:32 INFO  : System reset is completed.
09:10:35 INFO  : 'after 3000' command is executed.
09:10:36 INFO  : 'targets -set -filter {jtag_cable_name =~ "Digilent Zybo Z7 210351B3FED9A" && level==0 && jtag_device_ctx=="jsn-Zybo Z7-210351B3FED9A-13722093-0"}' command is executed.
09:10:37 INFO  : Device configured successfully with "C:/Users/jayde/axi_gpio_js/axi_gpio_vitis/axi_gpio_app_task/_ide/bitstream/axi_gpio_js_wrapper_tasking.bit"
09:10:37 INFO  : Context for 'APU' is selected.
09:10:37 INFO  : Hardware design and registers information is loaded from 'C:/Users/jayde/axi_gpio_js/axi_gpio_vitis/axi_gpio_platform_task/export/axi_gpio_platform_task/hw/axi_gpio_js_wrapper_tasking.xsa'.
09:10:37 INFO  : 'configparams force-mem-access 1' command is executed.
09:10:37 INFO  : Context for 'APU' is selected.
09:10:37 INFO  : Sourcing of 'C:/Users/jayde/axi_gpio_js/axi_gpio_vitis/axi_gpio_app_task/_ide/psinit/ps7_init.tcl' is done.
09:10:37 INFO  : 'ps7_init' command is executed.
09:10:37 INFO  : 'ps7_post_config' command is executed.
09:10:37 INFO  : Context for processor 'ps7_cortexa9_0' is selected.
09:10:38 INFO  : The application 'C:/Users/jayde/axi_gpio_js/axi_gpio_vitis/axi_gpio_app_task/Debug/axi_gpio_app_task.elf' is downloaded to processor 'ps7_cortexa9_0'.
09:10:38 INFO  : 'configparams force-mem-access 0' command is executed.
09:10:38 INFO  : ----------------XSDB Script----------------
connect -url tcp:127.0.0.1:3121
targets -set -nocase -filter {name =~"APU*"}
rst -system
after 3000
targets -set -filter {jtag_cable_name =~ "Digilent Zybo Z7 210351B3FED9A" && level==0 && jtag_device_ctx=="jsn-Zybo Z7-210351B3FED9A-13722093-0"}
fpga -file C:/Users/jayde/axi_gpio_js/axi_gpio_vitis/axi_gpio_app_task/_ide/bitstream/axi_gpio_js_wrapper_tasking.bit
targets -set -nocase -filter {name =~"APU*"}
loadhw -hw C:/Users/jayde/axi_gpio_js/axi_gpio_vitis/axi_gpio_platform_task/export/axi_gpio_platform_task/hw/axi_gpio_js_wrapper_tasking.xsa -mem-ranges [list {0x40000000 0xbfffffff}] -regs
configparams force-mem-access 1
targets -set -nocase -filter {name =~"APU*"}
source C:/Users/jayde/axi_gpio_js/axi_gpio_vitis/axi_gpio_app_task/_ide/psinit/ps7_init.tcl
ps7_init
ps7_post_config
targets -set -nocase -filter {name =~ "*A9*#0"}
dow C:/Users/jayde/axi_gpio_js/axi_gpio_vitis/axi_gpio_app_task/Debug/axi_gpio_app_task.elf
configparams force-mem-access 0
----------------End of Script----------------

09:10:38 INFO  : Context for processor 'ps7_cortexa9_0' is selected.
09:10:38 INFO  : 'con' command is executed.
09:10:38 INFO  : ----------------XSDB Script (After Launch)----------------
targets -set -nocase -filter {name =~ "*A9*#0"}
con
----------------End of Script----------------

09:10:38 INFO  : Launch script is exported to file 'C:\Users\jayde\axi_gpio_js\axi_gpio_vitis\axi_gpio_app_task_system\_ide\scripts\debugger_axi_gpio_app_task-default.tcl'
09:20:03 INFO  : Checking for BSP changes to sync application flags for project 'axi_gpio_app_task'...
09:20:21 INFO  : Disconnected from the channel tcfchan#4.
09:20:22 INFO  : Connected to target on host '127.0.0.1' and port '3121'.
09:20:31 INFO  : ----------------XSDB Script----------------
connect -url tcp:127.0.0.1:3121
----------------End of Script----------------

09:20:31 ERROR : Could not find ARM device on the board for connection 'Local'.
Check if the target is in:
1. Split JTAG - No operations are possible with ARM DAP.
2. Non JTAG bootmode - Bootrom may need time to enable DAP.
Please try again.


Troubleshooting hints:
1. Check whether board is connected to system properly.
2. In case of zynq board, check whether Digilent/Xilinx cable switch settings are correct.
3. If you are using Xilinx Platform Cable USB, ensure that status LED is green.
09:21:04 INFO  : Checking for BSP changes to sync application flags for project 'axi_gpio_app_task'...
09:21:14 INFO  : Connected to target on host '127.0.0.1' and port '3121'.
09:21:15 INFO  : Jtag cable 'Digilent Zybo Z7 210351B3FED9A' is selected.
09:21:15 INFO  : 'jtag frequency' command is executed.
09:21:15 INFO  : Context for 'APU' is selected.
09:21:15 INFO  : System reset is completed.
09:21:18 INFO  : 'after 3000' command is executed.
09:21:18 INFO  : 'targets -set -filter {jtag_cable_name =~ "Digilent Zybo Z7 210351B3FED9A" && level==0 && jtag_device_ctx=="jsn-Zybo Z7-210351B3FED9A-13722093-0"}' command is executed.
09:21:19 INFO  : Device configured successfully with "C:/Users/jayde/axi_gpio_js/axi_gpio_vitis/axi_gpio_app_task/_ide/bitstream/axi_gpio_js_wrapper_tasking.bit"
09:21:19 INFO  : Context for 'APU' is selected.
09:21:19 INFO  : Hardware design and registers information is loaded from 'C:/Users/jayde/axi_gpio_js/axi_gpio_vitis/axi_gpio_platform_task/export/axi_gpio_platform_task/hw/axi_gpio_js_wrapper_tasking.xsa'.
09:21:19 INFO  : 'configparams force-mem-access 1' command is executed.
09:21:19 INFO  : Context for 'APU' is selected.
09:21:19 INFO  : Sourcing of 'C:/Users/jayde/axi_gpio_js/axi_gpio_vitis/axi_gpio_app_task/_ide/psinit/ps7_init.tcl' is done.
09:21:19 INFO  : 'ps7_init' command is executed.
09:21:19 INFO  : 'ps7_post_config' command is executed.
09:21:19 INFO  : Context for processor 'ps7_cortexa9_0' is selected.
09:21:20 INFO  : The application 'C:/Users/jayde/axi_gpio_js/axi_gpio_vitis/axi_gpio_app_task/Debug/axi_gpio_app_task.elf' is downloaded to processor 'ps7_cortexa9_0'.
09:21:20 INFO  : 'configparams force-mem-access 0' command is executed.
09:21:20 INFO  : ----------------XSDB Script----------------
connect -url tcp:127.0.0.1:3121
targets -set -nocase -filter {name =~"APU*"}
rst -system
after 3000
targets -set -filter {jtag_cable_name =~ "Digilent Zybo Z7 210351B3FED9A" && level==0 && jtag_device_ctx=="jsn-Zybo Z7-210351B3FED9A-13722093-0"}
fpga -file C:/Users/jayde/axi_gpio_js/axi_gpio_vitis/axi_gpio_app_task/_ide/bitstream/axi_gpio_js_wrapper_tasking.bit
targets -set -nocase -filter {name =~"APU*"}
loadhw -hw C:/Users/jayde/axi_gpio_js/axi_gpio_vitis/axi_gpio_platform_task/export/axi_gpio_platform_task/hw/axi_gpio_js_wrapper_tasking.xsa -mem-ranges [list {0x40000000 0xbfffffff}] -regs
configparams force-mem-access 1
targets -set -nocase -filter {name =~"APU*"}
source C:/Users/jayde/axi_gpio_js/axi_gpio_vitis/axi_gpio_app_task/_ide/psinit/ps7_init.tcl
ps7_init
ps7_post_config
targets -set -nocase -filter {name =~ "*A9*#0"}
dow C:/Users/jayde/axi_gpio_js/axi_gpio_vitis/axi_gpio_app_task/Debug/axi_gpio_app_task.elf
configparams force-mem-access 0
----------------End of Script----------------

09:21:20 INFO  : Context for processor 'ps7_cortexa9_0' is selected.
09:21:20 INFO  : 'con' command is executed.
09:21:20 INFO  : ----------------XSDB Script (After Launch)----------------
targets -set -nocase -filter {name =~ "*A9*#0"}
con
----------------End of Script----------------

09:21:20 INFO  : Launch script is exported to file 'C:\Users\jayde\axi_gpio_js\axi_gpio_vitis\axi_gpio_app_task_system\_ide\scripts\debugger_axi_gpio_app_task-default.tcl'
09:25:47 INFO  : Checking for BSP changes to sync application flags for project 'axi_gpio_app_task'...
09:25:55 INFO  : Disconnected from the channel tcfchan#5.
09:25:56 INFO  : Connected to target on host '127.0.0.1' and port '3121'.
09:25:58 INFO  : ----------------XSDB Script----------------
connect -url tcp:127.0.0.1:3121
----------------End of Script----------------

09:25:58 ERROR : Could not find FPGA device on the board for connection 'Local'.


Troubleshooting hints:
1. Check whether board is connected to system properly.
2. In case of zynq board, check whether Digilent/Xilinx cable switch settings are correct.
3. If you are using Xilinx Platform Cable USB, ensure that status LED is green.
09:26:07 INFO  : Connected to target on host '127.0.0.1' and port '3121'.
09:26:07 INFO  : Jtag cable 'Digilent Zybo Z7 210351B3FED9A' is selected.
09:26:07 INFO  : 'jtag frequency' command is executed.
09:26:07 INFO  : Context for 'APU' is selected.
09:26:07 INFO  : System reset is completed.
09:26:10 INFO  : 'after 3000' command is executed.
09:26:10 INFO  : 'targets -set -filter {jtag_cable_name =~ "Digilent Zybo Z7 210351B3FED9A" && level==0 && jtag_device_ctx=="jsn-Zybo Z7-210351B3FED9A-13722093-0"}' command is executed.
09:26:11 INFO  : Device configured successfully with "C:/Users/jayde/axi_gpio_js/axi_gpio_vitis/axi_gpio_app_task/_ide/bitstream/axi_gpio_js_wrapper_tasking.bit"
09:26:11 INFO  : Context for 'APU' is selected.
09:26:12 INFO  : Hardware design and registers information is loaded from 'C:/Users/jayde/axi_gpio_js/axi_gpio_vitis/axi_gpio_platform_task/export/axi_gpio_platform_task/hw/axi_gpio_js_wrapper_tasking.xsa'.
09:26:12 INFO  : 'configparams force-mem-access 1' command is executed.
09:26:12 INFO  : Context for 'APU' is selected.
09:26:12 INFO  : Sourcing of 'C:/Users/jayde/axi_gpio_js/axi_gpio_vitis/axi_gpio_app_task/_ide/psinit/ps7_init.tcl' is done.
09:26:12 INFO  : 'ps7_init' command is executed.
09:26:12 INFO  : 'ps7_post_config' command is executed.
09:26:12 INFO  : Context for processor 'ps7_cortexa9_0' is selected.
09:26:12 INFO  : The application 'C:/Users/jayde/axi_gpio_js/axi_gpio_vitis/axi_gpio_app_task/Debug/axi_gpio_app_task.elf' is downloaded to processor 'ps7_cortexa9_0'.
09:26:12 INFO  : 'configparams force-mem-access 0' command is executed.
09:26:12 INFO  : ----------------XSDB Script----------------
connect -url tcp:127.0.0.1:3121
targets -set -nocase -filter {name =~"APU*"}
rst -system
after 3000
targets -set -filter {jtag_cable_name =~ "Digilent Zybo Z7 210351B3FED9A" && level==0 && jtag_device_ctx=="jsn-Zybo Z7-210351B3FED9A-13722093-0"}
fpga -file C:/Users/jayde/axi_gpio_js/axi_gpio_vitis/axi_gpio_app_task/_ide/bitstream/axi_gpio_js_wrapper_tasking.bit
targets -set -nocase -filter {name =~"APU*"}
loadhw -hw C:/Users/jayde/axi_gpio_js/axi_gpio_vitis/axi_gpio_platform_task/export/axi_gpio_platform_task/hw/axi_gpio_js_wrapper_tasking.xsa -mem-ranges [list {0x40000000 0xbfffffff}] -regs
configparams force-mem-access 1
targets -set -nocase -filter {name =~"APU*"}
source C:/Users/jayde/axi_gpio_js/axi_gpio_vitis/axi_gpio_app_task/_ide/psinit/ps7_init.tcl
ps7_init
ps7_post_config
targets -set -nocase -filter {name =~ "*A9*#0"}
dow C:/Users/jayde/axi_gpio_js/axi_gpio_vitis/axi_gpio_app_task/Debug/axi_gpio_app_task.elf
configparams force-mem-access 0
----------------End of Script----------------

09:26:12 INFO  : Context for processor 'ps7_cortexa9_0' is selected.
09:26:12 INFO  : 'con' command is executed.
09:26:12 INFO  : ----------------XSDB Script (After Launch)----------------
targets -set -nocase -filter {name =~ "*A9*#0"}
con
----------------End of Script----------------

09:26:12 INFO  : Launch script is exported to file 'C:\Users\jayde\axi_gpio_js\axi_gpio_vitis\axi_gpio_app_task_system\_ide\scripts\debugger_axi_gpio_app_task-default.tcl'
09:29:48 INFO  : Checking for BSP changes to sync application flags for project 'axi_gpio_app_task'...
09:29:59 INFO  : Disconnected from the channel tcfchan#6.
09:30:00 INFO  : Connected to target on host '127.0.0.1' and port '3121'.
09:30:09 INFO  : ----------------XSDB Script----------------
connect -url tcp:127.0.0.1:3121
----------------End of Script----------------

09:30:09 ERROR : Could not find Jtag device on the board for connection 'Local'.


Troubleshooting hints:
1. Check whether board is connected to system properly.
2. In case of zynq board, check whether Digilent/Xilinx cable switch settings are correct.
3. If you are using Xilinx Platform Cable USB, ensure that status LED is green.
09:30:17 INFO  : Connected to target on host '127.0.0.1' and port '3121'.
09:30:17 INFO  : Jtag cable 'Digilent Zybo Z7 210351B3FED9A' is selected.
09:30:17 INFO  : 'jtag frequency' command is executed.
09:30:17 INFO  : Context for 'APU' is selected.
09:30:17 INFO  : System reset is completed.
09:30:20 INFO  : 'after 3000' command is executed.
09:30:21 INFO  : 'targets -set -filter {jtag_cable_name =~ "Digilent Zybo Z7 210351B3FED9A" && level==0 && jtag_device_ctx=="jsn-Zybo Z7-210351B3FED9A-13722093-0"}' command is executed.
09:30:22 INFO  : Device configured successfully with "C:/Users/jayde/axi_gpio_js/axi_gpio_vitis/axi_gpio_app_task/_ide/bitstream/axi_gpio_js_wrapper_tasking.bit"
09:30:22 INFO  : Context for 'APU' is selected.
09:30:22 INFO  : Hardware design and registers information is loaded from 'C:/Users/jayde/axi_gpio_js/axi_gpio_vitis/axi_gpio_platform_task/export/axi_gpio_platform_task/hw/axi_gpio_js_wrapper_tasking.xsa'.
09:30:22 INFO  : 'configparams force-mem-access 1' command is executed.
09:30:22 INFO  : Context for 'APU' is selected.
09:30:22 INFO  : Sourcing of 'C:/Users/jayde/axi_gpio_js/axi_gpio_vitis/axi_gpio_app_task/_ide/psinit/ps7_init.tcl' is done.
09:30:22 INFO  : 'ps7_init' command is executed.
09:30:22 INFO  : 'ps7_post_config' command is executed.
09:30:22 INFO  : Context for processor 'ps7_cortexa9_0' is selected.
09:30:22 INFO  : The application 'C:/Users/jayde/axi_gpio_js/axi_gpio_vitis/axi_gpio_app_task/Debug/axi_gpio_app_task.elf' is downloaded to processor 'ps7_cortexa9_0'.
09:30:22 INFO  : 'configparams force-mem-access 0' command is executed.
09:30:22 INFO  : ----------------XSDB Script----------------
connect -url tcp:127.0.0.1:3121
targets -set -nocase -filter {name =~"APU*"}
rst -system
after 3000
targets -set -filter {jtag_cable_name =~ "Digilent Zybo Z7 210351B3FED9A" && level==0 && jtag_device_ctx=="jsn-Zybo Z7-210351B3FED9A-13722093-0"}
fpga -file C:/Users/jayde/axi_gpio_js/axi_gpio_vitis/axi_gpio_app_task/_ide/bitstream/axi_gpio_js_wrapper_tasking.bit
targets -set -nocase -filter {name =~"APU*"}
loadhw -hw C:/Users/jayde/axi_gpio_js/axi_gpio_vitis/axi_gpio_platform_task/export/axi_gpio_platform_task/hw/axi_gpio_js_wrapper_tasking.xsa -mem-ranges [list {0x40000000 0xbfffffff}] -regs
configparams force-mem-access 1
targets -set -nocase -filter {name =~"APU*"}
source C:/Users/jayde/axi_gpio_js/axi_gpio_vitis/axi_gpio_app_task/_ide/psinit/ps7_init.tcl
ps7_init
ps7_post_config
targets -set -nocase -filter {name =~ "*A9*#0"}
dow C:/Users/jayde/axi_gpio_js/axi_gpio_vitis/axi_gpio_app_task/Debug/axi_gpio_app_task.elf
configparams force-mem-access 0
----------------End of Script----------------

09:30:22 INFO  : Context for processor 'ps7_cortexa9_0' is selected.
09:30:22 INFO  : 'con' command is executed.
09:30:22 INFO  : ----------------XSDB Script (After Launch)----------------
targets -set -nocase -filter {name =~ "*A9*#0"}
con
----------------End of Script----------------

09:30:22 INFO  : Launch script is exported to file 'C:\Users\jayde\axi_gpio_js\axi_gpio_vitis\axi_gpio_app_task_system\_ide\scripts\debugger_axi_gpio_app_task-default.tcl'
09:32:25 INFO  : Checking for BSP changes to sync application flags for project 'axi_gpio_app_task'...
09:32:38 INFO  : Disconnected from the channel tcfchan#7.
09:32:39 INFO  : Connected to target on host '127.0.0.1' and port '3121'.
09:32:39 INFO  : Jtag cable 'Digilent Zybo Z7 210351B3FED9A' is selected.
09:32:39 ERROR : port closed
09:32:39 INFO  : ----------------XSDB Script----------------
connect -url tcp:127.0.0.1:3121
----------------End of Script----------------

09:32:39 ERROR : port closed
09:32:46 INFO  : Connected to target on host '127.0.0.1' and port '3121'.
09:32:47 INFO  : Jtag cable 'Digilent Zybo Z7 210351B3FED9A' is selected.
09:32:47 INFO  : 'jtag frequency' command is executed.
09:32:47 INFO  : Context for 'APU' is selected.
09:32:47 INFO  : System reset is completed.
09:32:50 INFO  : 'after 3000' command is executed.
09:32:50 INFO  : 'targets -set -filter {jtag_cable_name =~ "Digilent Zybo Z7 210351B3FED9A" && level==0 && jtag_device_ctx=="jsn-Zybo Z7-210351B3FED9A-13722093-0"}' command is executed.
09:32:51 INFO  : Device configured successfully with "C:/Users/jayde/axi_gpio_js/axi_gpio_vitis/axi_gpio_app_task/_ide/bitstream/axi_gpio_js_wrapper_tasking.bit"
09:32:51 INFO  : Context for 'APU' is selected.
09:32:51 INFO  : Hardware design and registers information is loaded from 'C:/Users/jayde/axi_gpio_js/axi_gpio_vitis/axi_gpio_platform_task/export/axi_gpio_platform_task/hw/axi_gpio_js_wrapper_tasking.xsa'.
09:32:51 INFO  : 'configparams force-mem-access 1' command is executed.
09:32:51 INFO  : Context for 'APU' is selected.
09:32:51 INFO  : Sourcing of 'C:/Users/jayde/axi_gpio_js/axi_gpio_vitis/axi_gpio_app_task/_ide/psinit/ps7_init.tcl' is done.
09:32:51 INFO  : 'ps7_init' command is executed.
09:32:51 INFO  : 'ps7_post_config' command is executed.
09:32:51 INFO  : Context for processor 'ps7_cortexa9_0' is selected.
09:32:51 INFO  : The application 'C:/Users/jayde/axi_gpio_js/axi_gpio_vitis/axi_gpio_app_task/Debug/axi_gpio_app_task.elf' is downloaded to processor 'ps7_cortexa9_0'.
09:32:51 INFO  : 'configparams force-mem-access 0' command is executed.
09:32:51 INFO  : ----------------XSDB Script----------------
connect -url tcp:127.0.0.1:3121
targets -set -nocase -filter {name =~"APU*"}
rst -system
after 3000
targets -set -filter {jtag_cable_name =~ "Digilent Zybo Z7 210351B3FED9A" && level==0 && jtag_device_ctx=="jsn-Zybo Z7-210351B3FED9A-13722093-0"}
fpga -file C:/Users/jayde/axi_gpio_js/axi_gpio_vitis/axi_gpio_app_task/_ide/bitstream/axi_gpio_js_wrapper_tasking.bit
targets -set -nocase -filter {name =~"APU*"}
loadhw -hw C:/Users/jayde/axi_gpio_js/axi_gpio_vitis/axi_gpio_platform_task/export/axi_gpio_platform_task/hw/axi_gpio_js_wrapper_tasking.xsa -mem-ranges [list {0x40000000 0xbfffffff}] -regs
configparams force-mem-access 1
targets -set -nocase -filter {name =~"APU*"}
source C:/Users/jayde/axi_gpio_js/axi_gpio_vitis/axi_gpio_app_task/_ide/psinit/ps7_init.tcl
ps7_init
ps7_post_config
targets -set -nocase -filter {name =~ "*A9*#0"}
dow C:/Users/jayde/axi_gpio_js/axi_gpio_vitis/axi_gpio_app_task/Debug/axi_gpio_app_task.elf
configparams force-mem-access 0
----------------End of Script----------------

09:32:52 INFO  : Context for processor 'ps7_cortexa9_0' is selected.
09:32:52 INFO  : 'con' command is executed.
09:32:52 INFO  : ----------------XSDB Script (After Launch)----------------
targets -set -nocase -filter {name =~ "*A9*#0"}
con
----------------End of Script----------------

09:32:52 INFO  : Launch script is exported to file 'C:\Users\jayde\axi_gpio_js\axi_gpio_vitis\axi_gpio_app_task_system\_ide\scripts\debugger_axi_gpio_app_task-default.tcl'
09:34:54 INFO  : Disconnected from the channel tcfchan#8.
18:59:11 DEBUG : Logs will be stored at 'C:/Users/jayde/axi_gpio_js/axi_gpio_vitis/IDE.log'.
18:59:12 INFO  : Launching XSCT server: xsct.bat -n  -interactive C:\Users\jayde\axi_gpio_js\axi_gpio_vitis\temp_xsdb_launch_script.tcl
18:59:15 INFO  : Registering command handlers for Vitis TCF services
18:59:16 INFO  : XSCT server has started successfully.
18:59:16 INFO  : plnx-install-location is set to ''
18:59:16 INFO  : Platform repository initialization has completed.
18:59:21 INFO  : Successfully done setting XSCT server connection channel  
18:59:21 INFO  : Successfully done query RDI_DATADIR 
18:59:21 INFO  : Successfully done setting workspace for the tool. 
18:59:36 INFO  : Connected to target on host '127.0.0.1' and port '3121'.
18:59:37 INFO  : Jtag cable 'Digilent Zybo Z7 210351B3FED9A' is selected.
18:59:37 INFO  : 'jtag frequency' command is executed.
18:59:37 INFO  : Context for 'APU' is selected.
18:59:37 INFO  : System reset is completed.
18:59:40 INFO  : 'after 3000' command is executed.
18:59:40 INFO  : 'targets -set -filter {jtag_cable_name =~ "Digilent Zybo Z7 210351B3FED9A" && level==0 && jtag_device_ctx=="jsn-Zybo Z7-210351B3FED9A-13722093-0"}' command is executed.
18:59:41 INFO  : Device configured successfully with "C:/Users/jayde/axi_gpio_js/axi_gpio_vitis/axi_gpio_app_task/_ide/bitstream/axi_gpio_js_wrapper_tasking.bit"
18:59:42 INFO  : Context for 'APU' is selected.
18:59:42 INFO  : Hardware design and registers information is loaded from 'C:/Users/jayde/axi_gpio_js/axi_gpio_vitis/axi_gpio_platform_task/export/axi_gpio_platform_task/hw/axi_gpio_js_wrapper_tasking.xsa'.
18:59:42 INFO  : 'configparams force-mem-access 1' command is executed.
18:59:42 INFO  : Context for 'APU' is selected.
18:59:42 INFO  : Sourcing of 'C:/Users/jayde/axi_gpio_js/axi_gpio_vitis/axi_gpio_app_task/_ide/psinit/ps7_init.tcl' is done.
18:59:42 INFO  : 'ps7_init' command is executed.
18:59:42 INFO  : 'ps7_post_config' command is executed.
18:59:42 INFO  : Context for processor 'ps7_cortexa9_0' is selected.
18:59:43 INFO  : The application 'C:/Users/jayde/axi_gpio_js/axi_gpio_vitis/axi_gpio_app_task/Debug/axi_gpio_app_task.elf' is downloaded to processor 'ps7_cortexa9_0'.
18:59:43 INFO  : 'configparams force-mem-access 0' command is executed.
18:59:43 INFO  : ----------------XSDB Script----------------
connect -url tcp:127.0.0.1:3121
targets -set -nocase -filter {name =~"APU*"}
rst -system
after 3000
targets -set -filter {jtag_cable_name =~ "Digilent Zybo Z7 210351B3FED9A" && level==0 && jtag_device_ctx=="jsn-Zybo Z7-210351B3FED9A-13722093-0"}
fpga -file C:/Users/jayde/axi_gpio_js/axi_gpio_vitis/axi_gpio_app_task/_ide/bitstream/axi_gpio_js_wrapper_tasking.bit
targets -set -nocase -filter {name =~"APU*"}
loadhw -hw C:/Users/jayde/axi_gpio_js/axi_gpio_vitis/axi_gpio_platform_task/export/axi_gpio_platform_task/hw/axi_gpio_js_wrapper_tasking.xsa -mem-ranges [list {0x40000000 0xbfffffff}] -regs
configparams force-mem-access 1
targets -set -nocase -filter {name =~"APU*"}
source C:/Users/jayde/axi_gpio_js/axi_gpio_vitis/axi_gpio_app_task/_ide/psinit/ps7_init.tcl
ps7_init
ps7_post_config
targets -set -nocase -filter {name =~ "*A9*#0"}
dow C:/Users/jayde/axi_gpio_js/axi_gpio_vitis/axi_gpio_app_task/Debug/axi_gpio_app_task.elf
configparams force-mem-access 0
----------------End of Script----------------

18:59:43 INFO  : Context for processor 'ps7_cortexa9_0' is selected.
18:59:43 INFO  : 'con' command is executed.
18:59:43 INFO  : ----------------XSDB Script (After Launch)----------------
targets -set -nocase -filter {name =~ "*A9*#0"}
con
----------------End of Script----------------

18:59:43 INFO  : Launch script is exported to file 'C:\Users\jayde\axi_gpio_js\axi_gpio_vitis\axi_gpio_app_task_system\_ide\scripts\systemdebugger_axi_gpio_app_task_system_standalone.tcl'
